// Jest Snapshot v1, https://goo.gl/fbAQLP

exports[`Pruebas en componente debe de mostrar el componente correctamente 1`] = `
<div
  className="card animate__animated animate__fadeIn"
>
  <img
    alt="Un titulo"
    src="https://localhost/img.gif"
  />
  <p>
     
    Un titulo
     
  </p>
</div>
`;
